страниц: 94 потоков: 2
  найдены enum-типы RapidOCR: ['LangDet', 'LangRec', 'ModelType', 'OCRVersion']
[0;93m2026-10-06 18:03:51.615641092 [W:onnxruntime:Default, device_discovery.cc:146 GetPciBusId] Skipping pci_bus_id for PCI path at "/sys/devices/LNXSYSTM:00/LNXSYBUS:00/ACPI0004:00/MSFT1000:00/5620e0c7-8062-4dce-aeb7-520c7ef76171" because filename "5620e0c7-8062-4dce-aeb7-520c7ef76171" did not match expected pattern of [0-9a-f]+:[0-9a-f]+:[0-9a-f]+[.][0-9a-f]+[m
  модель det  готова (enums=True, rec_only=False)
  модель rec latin готова (enums=True, rec_only=True)
  модель rec cyrillic готова (enums=True, rec_only=True)
  модель rec arabic готова (enums=True, rec_only=True)
[1/94] 0001l: блоков 7
[2/94] 0002r: блоков 5
[3/94] 0003l: блоков 93
[4/94] 0004r: блоков 47
[5/94] 0005l: блоков 126
[6/94] 0006r: блоков 25
[7/94] 0007l: блоков 54
[8/94] 0008r: блоков 16
[9/94] 0009l: блоков 18
[10/94] 0010r: блоков 10
[11/94] 0011l: блоков 7
[12/94] 0012r: блоков 57
[13/94] 0013l: блоков 29
[14/94] 0014r: блоков 17
[15/94] 0015l: блоков 71
[16/94] 0016r: блоков 6
[17/94] 0017l: блоков 7
[18/94] 0018r: блоков 9
[19/94] 0019l: блоков 18
[20/94] 0020r: блоков 38
[21/94] 0021l: блоков 11
[22/94] 0022r: блоков 17
[23/94] 0023l: блоков 23
[24/94] 0024r: блоков 19
[25/94] 0025l: блоков 8
[26/94] 0026r: блоков 9
[27/94] 0027l: блоков 5
[28/94] 0028r: блоков 80
[29/94] 0029l: блоков 9
[30/94] 0030r: блоков 16
[31/94] 0031l: блоков 8
[32/94] 0032r: блоков 7
[33/94] 0033l: блоков 10
[34/94] 0034r: блоков 11
[35/94] 0035l: блоков 14
[36/94] 0036r: блоков 17
[37/94] 0037l: блоков 12
[38/94] 0038r: блоков 9
[39/94] 0039l: блоков 11
[40/94] 0040r: блоков 18
[41/94] 0041l: блоков 13
[42/94] 0042r: блоков 11
[43/94] 0043l: блоков 18
[44/94] 0044r: блоков 18
[45/94] 0045l: блоков 10
[46/94] 0046r: блоков 18
[47/94] 0047l: блоков 23
[48/94] 0048r: блоков 18
[49/94] 0049l: блоков 11
[50/94] 0050r: блоков 15
[51/94] 0051l: блоков 6
[52/94] 0052r: блоков 6
[53/94] 0053l: блоков 2
[54/94] 0054r: блоков 2
[55/94] 0055l: блоков 7
[56/94] 0056r: блоков 6
[57/94] 0057l: блоков 6
[58/94] 0058r: блоков 2
[59/94] 0059l: блоков 3
[60/94] 0060r: блоков 6
[61/94] 0061l: блоков 9
[62/94] 0062r: блоков 7
[63/94] 0063l: блоков 8
[64/94] 0064r: блоков 8
[65/94] 0065l: блоков 5
[66/94] 0066r: блоков 13
[67/94] 0067l: блоков 13
[68/94] 0068r: блоков 4
[69/94] 0069l: блоков 5
[70/94] 0070r: блоков 4
[71/94] 0071l: блоков 7
[72/94] 0072r: блоков 8
[73/94] 0073l: блоков 10
[74/94] 0074r: блоков 4
[75/94] 0075l: блоков 6
[76/94] 0076r: блоков 10
[77/94] 0077l: блоков 19
[78/94] 0078r: блоков 5
[79/94] 0079l: блоков 4
[80/94] 0080r: блоков 1
[81/94] 0081l: блоков 3
[82/94] 0082r: блоков 1
[83/94] 0083l: блоков 2
[84/94] 0084r: блоков 3
[85/94] 0085l: блоков 5
[86/94] 0086r: блоков 3
[87/94] 0087l: блоков 6
[88/94] 0088r: блоков 41
[89/94] 0089l: блоков 51
[90/94] 0090r: блоков 42
[91/94] 0091l: блоков 52
[92/94] 0092r: блоков 21
[93/94] 0093l: блоков 10
[94/94] 0094r: блоков 0
сохранено: content/ocr/b2.json страниц: 94 символов: 81093
